// Jest Snapshot v1, https://goo.gl/fbAQLP

exports[`<ResultItem /> test Test snapshots of content 1`] = `
<styled.input
  autoFocus={true}
  name="character"
  onChange={[Function]}
  placeholder="Search Character"
  type="text"
  value=""
/>
`;
